2026-02-20 11:54:24 - app.utils.hooks - INFO - Registered hook for 'student_left': handle_student_left
2026-02-20 11:54:36 - app.utils.hooks - INFO - Registered hook for 'student_left': handle_student_left
2026-02-20 11:54:47 - app.utils.hooks - INFO - Registered hook for 'student_left': handle_student_left
2026-02-20 11:55:48 - app.utils.hooks - INFO - Registered hook for 'student_left': handle_student_left
2026-02-20 11:56:05 - app.services.auth_service - INFO - Login attempt for: admin@hms.com
2026-02-20 11:56:06 - app.services.auth_service - INFO - Login successful: admin@hms.com
2026-02-20 11:56:06 - app.services.payment_service - ERROR - Error fetching dues report: {'message': 'column students_1.room_number does not exist', 'code': '42703', 'hint': None, 'details': None}
Traceback (most recent call last):
  File "/Users/valurothusharan/Desktop/hms/hms/backend/app/services/payment_service.py", line 305, in get_dues_report
    result = query.execute()
  File "/opt/anaconda3/lib/python3.13/site-packages/postgrest/_sync/request_builder.py", line 53, in execute
    raise APIError(dict(json_obj))
postgrest.exceptions.APIError: {'message': 'column students_1.room_number does not exist', 'code': '42703', 'hint': None, 'details': None}
2026-02-20 11:56:07 - app.services.expense_service - ERROR - Error fetching expenses: {'message': "Could not find the table 'public.expenses' in the schema cache", 'code': 'PGRST205', 'hint': None, 'details': None}
2026-02-20 11:56:07 - app.services.complaint_service - ERROR - Error listing complaints: {'message': "Could not find the table 'public.complaints' in the schema cache", 'code': 'PGRST205', 'hint': "Perhaps you meant the table 'public.room_allocations'", 'details': None}
Traceback (most recent call last):
  File "/Users/valurothusharan/Desktop/hms/hms/backend/app/services/complaint_service.py", line 90, in get_all_complaints
    result = query.execute()
  File "/opt/anaconda3/lib/python3.13/site-packages/postgrest/_sync/request_builder.py", line 53, in execute
    raise APIError(dict(json_obj))
postgrest.exceptions.APIError: {'message': "Could not find the table 'public.complaints' in the schema cache", 'code': 'PGRST205', 'hint': "Perhaps you meant the table 'public.room_allocations'", 'details': None}
2026-02-20 13:14:04 - app.utils.hooks - INFO - Registered hook for 'student_left': handle_student_left
2026-02-20 13:15:07 - app.utils.hooks - INFO - Registered hook for 'student_left': handle_student_left
